........................................................................ [  2%]
..................................................................F..... [  5%]
........................................................................ [  8%]
........................................................................ [ 11%]
........................................................................ [ 13%]
........................................................................ [ 16%]
.............................................
